[www.flent.in/properties/bloom-kasavanahalli.html]
[backblue.gif]
[fade.gif]
[index.html]
[cdn.prod.website-files.com/6593ed11d5ad65d107dfe76c/css/flent.webflow.79fc90e66.min.css]
[ajax.googleapis.com/ajax/libs/webfont/1.6.26/webfont.js]
[cdn.prod.website-files.com/6593ed11d5ad65d107dfe76c/66f10c987597662dabd2bccc_fav32.jpg]
[cdn.prod.website-files.com/6593ed11d5ad65d107dfe76c/66f10c9b3fa34dea8ec79d50_fav256.jpg]
[connect.facebook.net/en_US/fbevents.js]
[js.hs-scripts.com/45469632.js]
[cdn.jsdelivr.net/npm/@finsweet/attributes-cmsslider@1/cmsslider.js]
[cdn.jsdelivr.net/npm/@finsweet/attributes-cmsfilter@1/cmsfilter.js]
[cdn.jsdelivr.net/npm/@finsweet/attributes-mirrorclick@1/mirrorclick.js]
[cdn.jsdelivr.net/npm/@finsweet/attributes-scrolldisable@1/scrolldisable.js]
[api.mapbox.com/mapbox-gl-js/v3.8.0/mapbox-gl.css]
[api.mapbox.com/mapbox-gl-js/plugins/mapbox-gl-directions/v4.1.1/mapbox-gl-directions.css]
[api.mapbox.com/mapbox-gl-js/plugins/mapbox-gl-geocoder/v5.0.3/mapbox-gl-geocoder.css]
[www.flent.in/properties/ferns-doddenakundi.html]
[www.flent.in/properties/sanctuary-8-defence-colony.html]
[www.flent.in/properties/latitude-green-glen-layout.html]
[d3e54v103j8qbb.cloudfront.net/js/jquery-3.5.1.min.dc5e7f18c8e7eb.js]
[cdn.prod.website-files.com/6593ed11d5ad65d107dfe76c/js/webflow.schunk.90690657670f5b00.js]
[cdn.prod.website-files.com/6593ed11d5ad65d107dfe76c/js/webflow.schunk.334cac7f25fa2316.js]
[cdn.prod.website-files.com/6593ed11d5ad65d107dfe76c/js/webflow.schunk.72752a311c15c462.js]
[cdn.prod.website-files.com/6593ed11d5ad65d107dfe76c/js/webflow.schunk.75264f7cbae3044b.js]
[cdn.prod.website-files.com/6593ed11d5ad65d107dfe76c/js/webflow.f990c11c.2bea646175d67962.js]
[embed.typeform.com/next/embed.js]
[api.mapbox.com/mapbox-gl-js/v3.8.0/mapbox-gl.js]
[api.mapbox.com/mapbox-gl-js/plugins/mapbox-gl-directions/v4.1.1/mapbox-gl-directions.js]
[api.mapbox.com/mapbox-gl-js/plugins/mapbox-gl-geocoder/v5.0.3/mapbox-gl-geocoder.min.js]
[www.flent.in/properties/bloom-kasavanahalli.html]
[cdn.prod.website-files.com/6593ed11d5ad65d107dfe76c/css/flent.webflow.79fc90e66.min.css]
[hubspotonwebflow.com/assets/js/form-124.js]
[connect.facebook.net/en_US/fbevents.js]
[www.googletagmanager.com/gtm5445.html]
[api.mapbox.com/mapbox-gl-js/v3.8.0/mapbox-gl.css]
[api.mapbox.com/mapbox-gl-js/plugins/mapbox-gl-directions/v4.1.1/mapbox-gl-directions.css]
[api.mapbox.com/mapbox-gl-js/plugins/mapbox-gl-geocoder/v5.0.3/mapbox-gl-geocoder.css]
[www.flent.in/properties/ferns-doddenakundi.html]
[www.flent.in/properties/sanctuary-8-defence-colony.html]
[www.flent.in/properties/latitude-green-glen-layout.html]
[www.flent.in/properties/window.location.href]
[embed.typeform.com/next/embed.js]
[www.flent.in/properties/schema.org/index.html]
[www.flent.in/properties/-closed=true;Path=/index.html]
[www.flent.in/properties/window.location.html]
[embed.typeform.com/next/css/index.html]
[www.flent.in/properties/a.html]
[www.flent.in/properties/POST.html]
[www.flent.in/properties/b.html]
[www.flent.in/signals/iwl.html]
[www.flent.in/properties/e.html]
[www.flent.in/properties/schema.html]
[www.flent.in/properties/-closed=true;Path=.html]
